// Vitest Snapshot v1, https://vitest.dev/guide/snapshot.html

exports[`SubGenerator angular of dotnetcore JHipster blueprint > run > should succeed 1`] = `
{
  ".editorconfig": {
    "stateCleared": "modified",
  },
  ".eslintignore": {
    "stateCleared": "modified",
  },
  ".eslintrc.json": {
    "stateCleared": "modified",
  },
  ".gitattributes": {
    "stateCleared": "modified",
  },
  ".gitignore": {
    "stateCleared": "modified",
  },
  ".husky/pre-commit": {
    "stateCleared": "modified",
  },
  ".lintstagedrc.js": {
    "stateCleared": "modified",
  },
  ".prettierignore": {
    "stateCleared": "modified",
  },
  ".prettierrc": {
    "stateCleared": "modified",
  },
  ".yo-rc.json": {
    "stateCleared": "modified",
  },
  "README.md": {
    "stateCleared": "modified",
  },
  "angular.json": {
    "stateCleared": "modified",
  },
  "jest.conf.js": {
    "stateCleared": "modified",
  },
  "ngsw-config.json": {
    "stateCleared": "modified",
  },
  "package.json": {
    "stateCleared": "modified",
  },
  "sonar-project.properties": {
    "stateCleared": "modified",
  },
  "src/main/resources/i18n/messages_en.properties": {
    "stateCleared": "modified",
  },
  "src/main/resources/i18n/messages_fr.properties": {
    "stateCleared": "modified",
  },
  "src/main/webapp/404.html": {
    "stateCleared": "modified",
  },
  "src/main/webapp/WEB-INF/web.xml": {
    "stateCleared": "modified",
  },
  "src/main/webapp/app/account/account.route.ts": {
    "stateCleared": "modified",
  },
  "src/main/webapp/app/account/activate/activate.component.html": {
    "stateCleared": "modified",
  },
  "src/main/webapp/app/account/activate/activate.component.spec.ts": {
    "stateCleared": "modified",
  },
  "src/main/webapp/app/account/activate/activate.component.ts": {
    "stateCleared": "modified",
  },
  "src/main/webapp/app/account/activate/activate.route.ts": {
    "stateCleared": "modified",
  },
  "src/main/webapp/app/account/activate/activate.service.spec.ts": {
    "stateCleared": "modified",
  },
  "src/main/webapp/app/account/activate/activate.service.ts": {
    "stateCleared": "modified",
  },
  "src/main/webapp/app/account/password-reset/finish/password-reset-finish.component.html": {
    "stateCleared": "modified",
  },
  "src/main/webapp/app/account/password-reset/finish/password-reset-finish.component.spec.ts": {
    "stateCleared": "modified",
  },
  "src/main/webapp/app/account/password-reset/finish/password-reset-finish.component.ts": {
    "stateCleared": "modified",
  },
  "src/main/webapp/app/account/password-reset/finish/password-reset-finish.route.ts": {
    "stateCleared": "modified",
  },
  "src/main/webapp/app/account/password-reset/finish/password-reset-finish.service.spec.ts": {
    "stateCleared": "modified",
  },
  "src/main/webapp/app/account/password-reset/finish/password-reset-finish.service.ts": {
    "stateCleared": "modified",
  },
  "src/main/webapp/app/account/password-reset/init/password-reset-init.component.html": {
    "stateCleared": "modified",
  },
  "src/main/webapp/app/account/password-reset/init/password-reset-init.component.spec.ts": {
    "stateCleared": "modified",
  },
  "src/main/webapp/app/account/password-reset/init/password-reset-init.component.ts": {
    "stateCleared": "modified",
  },
  "src/main/webapp/app/account/password-reset/init/password-reset-init.route.ts": {
    "stateCleared": "modified",
  },
  "src/main/webapp/app/account/password-reset/init/password-reset-init.service.spec.ts": {
    "stateCleared": "modified",
  },
  "src/main/webapp/app/account/password-reset/init/password-reset-init.service.ts": {
    "stateCleared": "modified",
  },
  "src/main/webapp/app/account/password/password-strength-bar/password-strength-bar.component.html": {
    "stateCleared": "modified",
  },
  "src/main/webapp/app/account/password/password-strength-bar/password-strength-bar.component.scss": {
    "stateCleared": "modified",
  },
  "src/main/webapp/app/account/password/password-strength-bar/password-strength-bar.component.spec.ts": {
    "stateCleared": "modified",
  },
  "src/main/webapp/app/account/password/password-strength-bar/password-strength-bar.component.ts": {
    "stateCleared": "modified",
  },
  "src/main/webapp/app/account/password/password.component.html": {
    "stateCleared": "modified",
  },
  "src/main/webapp/app/account/password/password.component.spec.ts": {
    "stateCleared": "modified",
  },
  "src/main/webapp/app/account/password/password.component.ts": {
    "stateCleared": "modified",
  },
  "src/main/webapp/app/account/password/password.route.ts": {
    "stateCleared": "modified",
  },
  "src/main/webapp/app/account/password/password.service.spec.ts": {
    "stateCleared": "modified",
  },
  "src/main/webapp/app/account/password/password.service.ts": {
    "stateCleared": "modified",
  },
  "src/main/webapp/app/account/register/register.component.html": {
    "stateCleared": "modified",
  },
  "src/main/webapp/app/account/register/register.component.spec.ts": {
    "stateCleared": "modified",
  },
  "src/main/webapp/app/account/register/register.component.ts": {
    "stateCleared": "modified",
  },
  "src/main/webapp/app/account/register/register.model.ts": {
    "stateCleared": "modified",
  },
  "src/main/webapp/app/account/register/register.route.ts": {
    "stateCleared": "modified",
  },
  "src/main/webapp/app/account/register/register.service.spec.ts": {
    "stateCleared": "modified",
  },
  "src/main/webapp/app/account/register/register.service.ts": {
    "stateCleared": "modified",
  },
  "src/main/webapp/app/account/settings/settings.component.html": {
    "stateCleared": "modified",
  },
  "src/main/webapp/app/account/settings/settings.component.spec.ts": {
    "stateCleared": "modified",
  },
  "src/main/webapp/app/account/settings/settings.component.ts": {
    "stateCleared": "modified",
  },
  "src/main/webapp/app/account/settings/settings.route.ts": {
    "stateCleared": "modified",
  },
  "src/main/webapp/app/admin/admin-routing.module.ts": {
    "stateCleared": "modified",
  },
  "src/main/webapp/app/admin/docs/docs.component.html": {
    "stateCleared": "modified",
  },
  "src/main/webapp/app/admin/docs/docs.component.scss": {
    "stateCleared": "modified",
  },
  "src/main/webapp/app/admin/docs/docs.component.ts": {
    "stateCleared": "modified",
  },
  "src/main/webapp/app/admin/user-management/delete/user-management-delete-dialog.component.html": {
    "stateCleared": "modified",
  },
  "src/main/webapp/app/admin/user-management/delete/user-management-delete-dialog.component.spec.ts": {
    "stateCleared": "modified",
  },
  "src/main/webapp/app/admin/user-management/delete/user-management-delete-dialog.component.ts": {
    "stateCleared": "modified",
  },
  "src/main/webapp/app/admin/user-management/detail/user-management-detail.component.html": {
    "stateCleared": "modified",
  },
  "src/main/webapp/app/admin/user-management/detail/user-management-detail.component.spec.ts": {
    "stateCleared": "modified",
  },
  "src/main/webapp/app/admin/user-management/detail/user-management-detail.component.ts": {
    "stateCleared": "modified",
  },
  "src/main/webapp/app/admin/user-management/list/user-management.component.html": {
    "stateCleared": "modified",
  },
  "src/main/webapp/app/admin/user-management/list/user-management.component.spec.ts": {
    "stateCleared": "modified",
  },
  "src/main/webapp/app/admin/user-management/list/user-management.component.ts": {
    "stateCleared": "modified",
  },
  "src/main/webapp/app/admin/user-management/service/user-management.service.spec.ts": {
    "stateCleared": "modified",
  },
  "src/main/webapp/app/admin/user-management/service/user-management.service.ts": {
    "stateCleared": "modified",
  },
  "src/main/webapp/app/admin/user-management/update/user-management-update.component.html": {
    "stateCleared": "modified",
  },
  "src/main/webapp/app/admin/user-management/update/user-management-update.component.spec.ts": {
    "stateCleared": "modified",
  },
  "src/main/webapp/app/admin/user-management/update/user-management-update.component.ts": {
    "stateCleared": "modified",
  },
  "src/main/webapp/app/admin/user-management/user-management.model.ts": {
    "stateCleared": "modified",
  },
  "src/main/webapp/app/admin/user-management/user-management.route.ts": {
    "stateCleared": "modified",
  },
  "src/main/webapp/app/app-page-title-strategy.ts": {
    "stateCleared": "modified",
  },
  "src/main/webapp/app/app-routing.module.ts": {
    "stateCleared": "modified",
  },
  "src/main/webapp/app/app.constants.ts": {
    "stateCleared": "modified",
  },
  "src/main/webapp/app/app.module.ts": {
    "stateCleared": "modified",
  },
  "src/main/webapp/app/config/authority.constants.ts": {
    "stateCleared": "modified",
  },
  "src/main/webapp/app/config/datepicker-adapter.ts": {
    "stateCleared": "modified",
  },
  "src/main/webapp/app/config/dayjs.ts": {
    "stateCleared": "modified",
  },
  "src/main/webapp/app/config/error.constants.ts": {
    "stateCleared": "modified",
  },
  "src/main/webapp/app/config/font-awesome-icons.ts": {
    "stateCleared": "modified",
  },
  "src/main/webapp/app/config/input.constants.ts": {
    "stateCleared": "modified",
  },
  "src/main/webapp/app/config/language.constants.ts": {
    "stateCleared": "modified",
  },
  "src/main/webapp/app/config/navigation.constants.ts": {
    "stateCleared": "modified",
  },
  "src/main/webapp/app/config/pagination.constants.ts": {
    "stateCleared": "modified",
  },
  "src/main/webapp/app/config/translation.config.ts": {
    "stateCleared": "modified",
  },
  "src/main/webapp/app/config/uib-pagination.config.ts": {
    "stateCleared": "modified",
  },
  "src/main/webapp/app/core/auth/account.model.ts": {
    "stateCleared": "modified",
  },
  "src/main/webapp/app/core/auth/account.service.spec.ts": {
    "stateCleared": "modified",
  },
  "src/main/webapp/app/core/auth/account.service.ts": {
    "stateCleared": "modified",
  },
  "src/main/webapp/app/core/auth/auth-jwt.service.spec.ts": {
    "stateCleared": "modified",
  },
  "src/main/webapp/app/core/auth/auth-jwt.service.ts": {
    "stateCleared": "modified",
  },
  "src/main/webapp/app/core/auth/state-storage.service.ts": {
    "stateCleared": "modified",
  },
  "src/main/webapp/app/core/auth/user-route-access.service.ts": {
    "stateCleared": "modified",
  },
  "src/main/webapp/app/core/config/application-config.service.spec.ts": {
    "stateCleared": "modified",
  },
  "src/main/webapp/app/core/config/application-config.service.ts": {
    "stateCleared": "modified",
  },
  "src/main/webapp/app/core/interceptor/auth-expired.interceptor.ts": {
    "stateCleared": "modified",
  },
  "src/main/webapp/app/core/interceptor/auth.interceptor.ts": {
    "stateCleared": "modified",
  },
  "src/main/webapp/app/core/interceptor/error-handler.interceptor.ts": {
    "stateCleared": "modified",
  },
  "src/main/webapp/app/core/interceptor/index.ts": {
    "stateCleared": "modified",
  },
  "src/main/webapp/app/core/interceptor/notification.interceptor.ts": {
    "stateCleared": "modified",
  },
  "src/main/webapp/app/core/request/request-util.ts": {
    "stateCleared": "modified",
  },
  "src/main/webapp/app/core/request/request.model.ts": {
    "stateCleared": "modified",
  },
  "src/main/webapp/app/core/util/alert.service.spec.ts": {
    "stateCleared": "modified",
  },
  "src/main/webapp/app/core/util/alert.service.ts": {
    "stateCleared": "modified",
  },
  "src/main/webapp/app/core/util/data-util.service.spec.ts": {
    "stateCleared": "modified",
  },
  "src/main/webapp/app/core/util/data-util.service.ts": {
    "stateCleared": "modified",
  },
  "src/main/webapp/app/core/util/event-manager.service.spec.ts": {
    "stateCleared": "modified",
  },
  "src/main/webapp/app/core/util/event-manager.service.ts": {
    "stateCleared": "modified",
  },
  "src/main/webapp/app/core/util/operators.spec.ts": {
    "stateCleared": "modified",
  },
  "src/main/webapp/app/core/util/operators.ts": {
    "stateCleared": "modified",
  },
  "src/main/webapp/app/core/util/parse-links.service.spec.ts": {
    "stateCleared": "modified",
  },
  "src/main/webapp/app/core/util/parse-links.service.ts": {
    "stateCleared": "modified",
  },
  "src/main/webapp/app/entities/entity-navbar-items.ts": {
    "stateCleared": "modified",
  },
  "src/main/webapp/app/entities/entity-routing.module.ts": {
    "stateCleared": "modified",
  },
  "src/main/webapp/app/entities/user/user.model.ts": {
    "stateCleared": "modified",
  },
  "src/main/webapp/app/entities/user/user.service.spec.ts": {
    "stateCleared": "modified",
  },
  "src/main/webapp/app/entities/user/user.service.ts": {
    "stateCleared": "modified",
  },
  "src/main/webapp/app/home/home.component.html": {
    "stateCleared": "modified",
  },
  "src/main/webapp/app/home/home.component.scss": {
    "stateCleared": "modified",
  },
  "src/main/webapp/app/home/home.component.spec.ts": {
    "stateCleared": "modified",
  },
  "src/main/webapp/app/home/home.component.ts": {
    "stateCleared": "modified",
  },
  "src/main/webapp/app/layouts/error/error.component.html": {
    "stateCleared": "modified",
  },
  "src/main/webapp/app/layouts/error/error.component.ts": {
    "stateCleared": "modified",
  },
  "src/main/webapp/app/layouts/error/error.route.ts": {
    "stateCleared": "modified",
  },
  "src/main/webapp/app/layouts/footer/footer.component.html": {
    "stateCleared": "modified",
  },
  "src/main/webapp/app/layouts/footer/footer.component.ts": {
    "stateCleared": "modified",
  },
  "src/main/webapp/app/layouts/main/main.component.html": {
    "stateCleared": "modified",
  },
  "src/main/webapp/app/layouts/main/main.component.spec.ts": {
    "stateCleared": "modified",
  },
  "src/main/webapp/app/layouts/main/main.component.ts": {
    "stateCleared": "modified",
  },
  "src/main/webapp/app/layouts/main/main.module.ts": {
    "stateCleared": "modified",
  },
  "src/main/webapp/app/layouts/navbar/active-menu.directive.ts": {
    "stateCleared": "modified",
  },
  "src/main/webapp/app/layouts/navbar/navbar-item.model.d.ts": {
    "stateCleared": "modified",
  },
  "src/main/webapp/app/layouts/navbar/navbar.component.html": {
    "stateCleared": "modified",
  },
  "src/main/webapp/app/layouts/navbar/navbar.component.scss": {
    "stateCleared": "modified",
  },
  "src/main/webapp/app/layouts/navbar/navbar.component.spec.ts": {
    "stateCleared": "modified",
  },
  "src/main/webapp/app/layouts/navbar/navbar.component.ts": {
    "stateCleared": "modified",
  },
  "src/main/webapp/app/layouts/profiles/page-ribbon.component.scss": {
    "stateCleared": "modified",
  },
  "src/main/webapp/app/layouts/profiles/page-ribbon.component.spec.ts": {
    "stateCleared": "modified",
  },
  "src/main/webapp/app/layouts/profiles/page-ribbon.component.ts": {
    "stateCleared": "modified",
  },
  "src/main/webapp/app/layouts/profiles/profile-info.model.ts": {
    "stateCleared": "modified",
  },
  "src/main/webapp/app/layouts/profiles/profile.service.ts": {
    "stateCleared": "modified",
  },
  "src/main/webapp/app/login/login.component.html": {
    "stateCleared": "modified",
  },
  "src/main/webapp/app/login/login.component.spec.ts": {
    "stateCleared": "modified",
  },
  "src/main/webapp/app/login/login.component.ts": {
    "stateCleared": "modified",
  },
  "src/main/webapp/app/login/login.model.ts": {
    "stateCleared": "modified",
  },
  "src/main/webapp/app/login/login.service.ts": {
    "stateCleared": "modified",
  },
  "src/main/webapp/app/shared/alert/alert-error.component.html": {
    "stateCleared": "modified",
  },
  "src/main/webapp/app/shared/alert/alert-error.component.spec.ts": {
    "stateCleared": "modified",
  },
  "src/main/webapp/app/shared/alert/alert-error.component.ts": {
    "stateCleared": "modified",
  },
  "src/main/webapp/app/shared/alert/alert-error.model.ts": {
    "stateCleared": "modified",
  },
  "src/main/webapp/app/shared/alert/alert.component.html": {
    "stateCleared": "modified",
  },
  "src/main/webapp/app/shared/alert/alert.component.spec.ts": {
    "stateCleared": "modified",
  },
  "src/main/webapp/app/shared/alert/alert.component.ts": {
    "stateCleared": "modified",
  },
  "src/main/webapp/app/shared/auth/has-any-authority.directive.spec.ts": {
    "stateCleared": "modified",
  },
  "src/main/webapp/app/shared/auth/has-any-authority.directive.ts": {
    "stateCleared": "modified",
  },
  "src/main/webapp/app/shared/date/duration.pipe.ts": {
    "stateCleared": "modified",
  },
  "src/main/webapp/app/shared/date/format-medium-date.pipe.spec.ts": {
    "stateCleared": "modified",
  },
  "src/main/webapp/app/shared/date/format-medium-date.pipe.ts": {
    "stateCleared": "modified",
  },
  "src/main/webapp/app/shared/date/format-medium-datetime.pipe.spec.ts": {
    "stateCleared": "modified",
  },
  "src/main/webapp/app/shared/date/format-medium-datetime.pipe.ts": {
    "stateCleared": "modified",
  },
  "src/main/webapp/app/shared/date/index.ts": {
    "stateCleared": "modified",
  },
  "src/main/webapp/app/shared/filter/filter.component.html": {
    "stateCleared": "modified",
  },
  "src/main/webapp/app/shared/filter/filter.component.ts": {
    "stateCleared": "modified",
  },
  "src/main/webapp/app/shared/filter/filter.model.spec.ts": {
    "stateCleared": "modified",
  },
  "src/main/webapp/app/shared/filter/filter.model.ts": {
    "stateCleared": "modified",
  },
  "src/main/webapp/app/shared/filter/index.ts": {
    "stateCleared": "modified",
  },
  "src/main/webapp/app/shared/language/find-language-from-key.pipe.ts": {
    "stateCleared": "modified",
  },
  "src/main/webapp/app/shared/language/index.ts": {
    "stateCleared": "modified",
  },
  "src/main/webapp/app/shared/language/translate.directive.spec.ts": {
    "stateCleared": "modified",
  },
  "src/main/webapp/app/shared/language/translate.directive.ts": {
    "stateCleared": "modified",
  },
  "src/main/webapp/app/shared/language/translation.module.ts": {
    "stateCleared": "modified",
  },
  "src/main/webapp/app/shared/pagination/index.ts": {
    "stateCleared": "modified",
  },
  "src/main/webapp/app/shared/pagination/item-count.component.spec.ts": {
    "stateCleared": "modified",
  },
  "src/main/webapp/app/shared/pagination/item-count.component.ts": {
    "stateCleared": "modified",
  },
  "src/main/webapp/app/shared/shared.module.ts": {
    "stateCleared": "modified",
  },
  "src/main/webapp/app/shared/sort/index.ts": {
    "stateCleared": "modified",
  },
  "src/main/webapp/app/shared/sort/sort-by.directive.spec.ts": {
    "stateCleared": "modified",
  },
  "src/main/webapp/app/shared/sort/sort-by.directive.ts": {
    "stateCleared": "modified",
  },
  "src/main/webapp/app/shared/sort/sort.directive.spec.ts": {
    "stateCleared": "modified",
  },
  "src/main/webapp/app/shared/sort/sort.directive.ts": {
    "stateCleared": "modified",
  },
  "src/main/webapp/app/shared/sort/sort.service.ts": {
    "stateCleared": "modified",
  },
  "src/main/webapp/bootstrap.ts": {
    "stateCleared": "modified",
  },
  "src/main/webapp/content/css/loading.css": {
    "stateCleared": "modified",
  },
  "src/main/webapp/content/images/jhipster_family_member_0.svg": {
    "stateCleared": "modified",
  },
  "src/main/webapp/content/images/jhipster_family_member_0_head-192.png": {
    "stateCleared": "modified",
  },
  "src/main/webapp/content/images/jhipster_family_member_0_head-256.png": {
    "stateCleared": "modified",
  },
  "src/main/webapp/content/images/jhipster_family_member_0_head-384.png": {
    "stateCleared": "modified",
  },
  "src/main/webapp/content/images/jhipster_family_member_0_head-512.png": {
    "stateCleared": "modified",
  },
  "src/main/webapp/content/images/jhipster_family_member_1.svg": {
    "stateCleared": "modified",
  },
  "src/main/webapp/content/images/jhipster_family_member_1_head-192.png": {
    "stateCleared": "modified",
  },
  "src/main/webapp/content/images/jhipster_family_member_1_head-256.png": {
    "stateCleared": "modified",
  },
  "src/main/webapp/content/images/jhipster_family_member_1_head-384.png": {
    "stateCleared": "modified",
  },
  "src/main/webapp/content/images/jhipster_family_member_1_head-512.png": {
    "stateCleared": "modified",
  },
  "src/main/webapp/content/images/jhipster_family_member_2.svg": {
    "stateCleared": "modified",
  },
  "src/main/webapp/content/images/jhipster_family_member_2_head-192.png": {
    "stateCleared": "modified",
  },
  "src/main/webapp/content/images/jhipster_family_member_2_head-256.png": {
    "stateCleared": "modified",
  },
  "src/main/webapp/content/images/jhipster_family_member_2_head-384.png": {
    "stateCleared": "modified",
  },
  "src/main/webapp/content/images/jhipster_family_member_2_head-512.png": {
    "stateCleared": "modified",
  },
  "src/main/webapp/content/images/jhipster_family_member_3.svg": {
    "stateCleared": "modified",
  },
  "src/main/webapp/content/images/jhipster_family_member_3_head-192.png": {
    "stateCleared": "modified",
  },
  "src/main/webapp/content/images/jhipster_family_member_3_head-256.png": {
    "stateCleared": "modified",
  },
  "src/main/webapp/content/images/jhipster_family_member_3_head-384.png": {
    "stateCleared": "modified",
  },
  "src/main/webapp/content/images/jhipster_family_member_3_head-512.png": {
    "stateCleared": "modified",
  },
  "src/main/webapp/content/images/logo-jhipster.png": {
    "stateCleared": "modified",
  },
  "src/main/webapp/content/scss/_bootstrap-variables.scss": {
    "stateCleared": "modified",
  },
  "src/main/webapp/content/scss/global.scss": {
    "stateCleared": "modified",
  },
  "src/main/webapp/content/scss/vendor.scss": {
    "stateCleared": "modified",
  },
  "src/main/webapp/declarations.d.ts": {
    "stateCleared": "modified",
  },
  "src/main/webapp/favicon.ico": {
    "stateCleared": "modified",
  },
  "src/main/webapp/i18n/en/activate.json": {
    "stateCleared": "modified",
  },
  "src/main/webapp/i18n/en/error.json": {
    "stateCleared": "modified",
  },
  "src/main/webapp/i18n/en/global.json": {
    "stateCleared": "modified",
  },
  "src/main/webapp/i18n/en/home.json": {
    "stateCleared": "modified",
  },
  "src/main/webapp/i18n/en/login.json": {
    "stateCleared": "modified",
  },
  "src/main/webapp/i18n/en/password.json": {
    "stateCleared": "modified",
  },
  "src/main/webapp/i18n/en/register.json": {
    "stateCleared": "modified",
  },
  "src/main/webapp/i18n/en/reset.json": {
    "stateCleared": "modified",
  },
  "src/main/webapp/i18n/en/sessions.json": {
    "stateCleared": "modified",
  },
  "src/main/webapp/i18n/en/settings.json": {
    "stateCleared": "modified",
  },
  "src/main/webapp/i18n/en/user-management.json": {
    "stateCleared": "modified",
  },
  "src/main/webapp/i18n/fr/activate.json": {
    "stateCleared": "modified",
  },
  "src/main/webapp/i18n/fr/error.json": {
    "stateCleared": "modified",
  },
  "src/main/webapp/i18n/fr/global.json": {
    "stateCleared": "modified",
  },
  "src/main/webapp/i18n/fr/home.json": {
    "stateCleared": "modified",
  },
  "src/main/webapp/i18n/fr/login.json": {
    "stateCleared": "modified",
  },
  "src/main/webapp/i18n/fr/password.json": {
    "stateCleared": "modified",
  },
  "src/main/webapp/i18n/fr/register.json": {
    "stateCleared": "modified",
  },
  "src/main/webapp/i18n/fr/reset.json": {
    "stateCleared": "modified",
  },
  "src/main/webapp/i18n/fr/sessions.json": {
    "stateCleared": "modified",
  },
  "src/main/webapp/i18n/fr/settings.json": {
    "stateCleared": "modified",
  },
  "src/main/webapp/i18n/fr/user-management.json": {
    "stateCleared": "modified",
  },
  "src/main/webapp/index.html": {
    "stateCleared": "modified",
  },
  "src/main/webapp/main.ts": {
    "stateCleared": "modified",
  },
  "src/main/webapp/manifest.webapp": {
    "stateCleared": "modified",
  },
  "src/main/webapp/robots.txt": {
    "stateCleared": "modified",
  },
  "src/main/webapp/swagger-ui/dist/images/throbber.gif": {
    "stateCleared": "modified",
  },
  "src/main/webapp/swagger-ui/index.html": {
    "stateCleared": "modified",
  },
  "src/test/resources/i18n/messages_en.properties": {
    "stateCleared": "modified",
  },
  "src/test/resources/i18n/messages_fr.properties": {
    "stateCleared": "modified",
  },
  "tsconfig.app.json": {
    "stateCleared": "modified",
  },
  "tsconfig.json": {
    "stateCleared": "modified",
  },
  "tsconfig.spec.json": {
    "stateCleared": "modified",
  },
  "webpack/environment.js": {
    "stateCleared": "modified",
  },
  "webpack/logo-jhipster.png": {
    "stateCleared": "modified",
  },
  "webpack/proxy.conf.js": {
    "stateCleared": "modified",
  },
  "webpack/webpack.custom.js": {
    "stateCleared": "modified",
  },
}
`;
